// Jest Snapshot v1, https://goo.gl/fbAQLP

exports[`Pruebas en <LoginScreen /> debe de mostrarse correctamente 1`] = `
<div
  className="container p-5"
>
  <div
    className="row rounded-lg ali"
  >
    <div
      className="col-md-4 mx-auto"
    >
      <div
        className="card fondo text-center color"
      >
        <div
          className="card-header"
        >
          <h3>
            Heroes App
          </h3>
        </div>
        <img
          alt="Logo App"
          className="card-img-top mx-auto m-2 rounded-circle w-50"
          src="./logo192.png"
        />
        <div
          className="card-body"
        >
          <div
            className="d-flex justify-content-center mb-2"
          >
            <button
              className="btn btn-secondary"
              onClick={[Function]}
            >
              LogIn
            </button>
          </div>
        </div>
      </div>
    </div>
  </div>
</div>
`;
